nt/a1.cmd
nt/a11.cmd
nt/a12.cmd
nt/a121.cmd
nt/a122.cmd
nt/a2.cmd
nt/a21.cmd
nt/a3.cmd
nt/a4.cmd
nt/a5.cmd
nt/a51.cmd
nt/a52.cmd
nt/a7.cmd
nt/a8.cmd
nt/a9.cmd
nt/a91.cmd
nt/add3.cmd
nt/add4.cmd
nt/arr1.cmd
nt/arr10.cmd
nt/array9.cmd
nt/b1.cmd
nt/b2.cmd
nt/bnf1.cmd
nt/bool1.cmd
nt/c1.cmd
nt/compare1.cmd
nt/dzero.cmd
nt/e1.cmd
nt/e2.cmd
nt/e21.cmd
nt/e3.cmd
nt/e31.cmd
nt/e32.cmd
nt/e320.cmd
nt/e321.cmd
nt/e33.cmd
nt/e34.cmd
nt/e4.cmd
nt/e5.cmd
nt/exp1.cmd
nt/exp2.cmd
nt/exp3.cmd
nt/exp4.cmd
nt/exp5.cmd
nt/f1.cmd
nt/f2.cmd
nt/f3.cmd
nt/factorial1.cmd
nt/factorial2.cmd
nt/factorial20.cmd
nt/farray1.cmd
nt/farray2.cmd
nt/farray3.cmd
nt/farray4.cmd
nt/fib.cmd
nt/fib2.cmd
nt/fib3.cmd
nt/for1.cmd
nt/i1.cmd
nt/inc.cmd
nt/loop1.cmd
nt/m1.cmd
nt/option.cmd
nt/p1.cmd
nt/p2.cmd
nt/p4.cmd
nt/p5.cmd
nt/s2.cmd
nt/s3.cmd
nt/s4.cmd
nt/show_args.cmd
nt/svars.cmd
nt/t1.cmd
nt/t11.cmd
nt/t2.cmd
nt/t20.cmd
nt/t21.cmd
nt/t22.cmd
nt/t3.cmd
nt/t4.cmd
nt/t5.cmd
nt/t51.cmd
nt/t52.cmd
nt/t53.cmd
nt/t54.cmd
nt/t55.cmd
nt/t6.cmd
nt/t61.cmd
nt/t9.cmd
nt/tarray1.cmd
nt/tarray2.cmd
nt/tarray3.cmd
nt/tarray4.cmd
nt/tarray5.cmd
nt/tarray6.cmd
nt/time1.cmd
nt/tlog1.cmd
nt/tlog11.cmd
nt/tlog2.cmd
nt/tloop1.cmd
nt/tloop11.cmd
nt/tloop12.cmd
nt/tloop2.cmd
nt/tloop3.cmd
nt/tloop4.cmd
nt/tloop5.cmd
nt/tloop50.cmd
nt/tloop500.cmd
nt/tloop51.cmd
nt/tloop510.cmd
nt/tloop5100.cmd
nt/tloop5101.cmd
nt/tloop5102.cmd
nt/tloop511.cmd
nt/tloop5110.cmd
nt/tloop512.cmd
nt/tloop513.cmd
nt/tloop52.cmd
nt/tloop520.cmd
nt/tloop522.cmd
nt/tloop53.cmd
nt/tloop54.cmd
nt/tnum1.cmd
nt/tproc1.cmd
nt/tproc2.cmd
nt/tproc3.cmd
nt/tstring1.cmd
