total 6259088
-rw-r--r--  1 kt  staff          0 Sep  5 09:15 f1.lst
-rwxrwxrwx  1 kt  staff   21721427 Feb 28  2015 Η μαγεία στην αρχαία Ελλάδα.pdf
-rwxrwxrwx  1 kt  staff   25890506 Feb 28  2015 Η μαγειρική της Αρχαιότητας.pdf
-rwxrwxrwx  1 kt  staff   33552807 Feb 28  2015 Η καθημερινή ζωή στην αρχαία Ελλάδα.pdf
-rwxrwxrwx  1 kt  staff    3548677 Feb 28  2015 Τα 7 θαύματα του κόσμου (Οδηγός παράστασης Πλανητάριου).pdf
-rwxrwxrwx  1 kt  staff     440681 Feb 28  2015 ΚΟΚ - Σήματα Οδήγησης.pdf
-rwxrwxrwx  1 kt  staff    3812792 Feb 28  2015 ΚΟΚ - Κώδικας Οδικής Κυκλοφορίας 2007 .pdf
-rwxrwxrwx  1 kt  staff  102301842 Feb 28  2015 Πώς Θα Αναπτύξετε τις Ψυχικές σας Δυνάμεις.pdf
-rwxrwxrwx  1 kt  staff    2668373 Feb 28  2015 Πώς να επιβιώσετε οικονομικά - Δρόση Χαρούλα.pdf
-rwxrwxrwx  1 kt  staff   12032599 Feb 28  2015 Πώς να ερμηνεύουμε τα παιδικά σχέδια-Η κρυφή γλώσσα των παιδιών - Crotti Evi-Magni Alberto.pdf
-rwxrwxrwx  1 kt  staff    1698605 Feb 28  2015 Ζέη Άλκη - Ο Ευρυπίδης.pdf
-rwxrwxrwx  1 kt  staff   12264378 Feb 28  2015 Ζέη Άλκη - Η αρραβωνιαστικιά του Αχιλλέα.pdf
-rwxrwxrwx  1 kt  staff    9753200 Feb 28  2015 Μαντά Λένα - Η άλλη πλευρά του νομίσματος.pdf
-rwxrwxrwx  1 kt  staff  218381961 Feb 28  2015 Μαντά Λένα - Τα 5 κλειδιά.pdf
-rwxrwxrwx  1 kt  staff    4631957 Feb 28  2015 Μαντά Λένα - Τη μέρα που σε γνώρισα.pdf
-rwxrwxrwx  1 kt  staff    6700868 Feb 28  2015 Μαντά Λένα - Με λένε Ντάτα.pdf
-rwxrwxrwx  1 kt  staff   15208301 Feb 28  2015 Μαντά Λένα - Το σπίτι δίπλα στο ποτάμι.pdf
-rwxrwxrwx  1 kt  staff   10370807 Feb 28  2015 Μαντά Λένα - Το τελευταίο τσιγάρο.pdf
-rwxrwxrwx  1 kt  staff   15392512 Feb 28  2015 Μαντά Λένα - Βαλς με δώδεκα Θεούς.pdf
-rwxrwxrwx  1 kt  staff   11280033 Feb 28  2015 Μαντά Λένα - Όσο αντέχει η ψυχή.pdf
-rw-r--r--  1 kt  staff    9176263 Aug 17  2015 ΒΑΛΑΚΑ ΜΗΤΣΗ - ΚΑΝΕΝΑ ΨΕΜΑ ΔΕΝ ΠΡΟΦΤΑΙΝΕΙ ΝΑ ΓΕΡΑΣΕΙ.pdf
-rwxrwxrwx  1 kt  staff   14313316 Feb 28  2015 Μαντά Λένα - Χωρίς χειροκρότημα.pdf
-rwxrwxrwx  1 kt  staff    3893063 Feb 28  2015 Μαντά Λένα - Θεανώ-Η λύκαινα της Πόλης.pdf
-rwxrwxrwx  1 kt  staff    3646977 Feb 28  2015 Μαντά Λένα - Έρωτας σαν βροχή.pdf
-rwxrwxrwx  1 kt  staff    2046446 Feb 28  2015 Ξηρός Σάββας - Η μέρα εκείνη.pdf
-rwxrwxrwx  1 kt  staff    2963091 Feb 28  2015 Μαρής Γιάννης - Έγκλημα στα παρασκήνια.pdf
-rwxrwxrwx  1 kt  staff    9005851 Feb 28  2015 Ψαθάς Δημήτρης - Η Θέμις έχει κέφια.pdf
-rwxrwxrwx  1 kt  staff    1577670 Feb 28  2015 Λέκκα Κατερίνα - Ο μάρτυρας της νύχτας.pdf
-rwxrwxrwx  1 kt  staff    1838320 Feb 28  2015 Δέλτα Πηνελόπη - Για την Πατρίδα.pdf
-rwxrwxrwx  1 kt  staff    7503538 Feb 28  2015 Δέλτα Πηνελόπη - Τον καιρό του Βουλγαροκτόνου.pdf
-rwxrwxrwx  1 kt  staff    3703606 Feb 28  2015 Δέλτα Πηνελόπη - Στα μυστικά του βάλτου.pdf
-rwxrwxrwx  1 kt  staff    5276712 Feb 28  2015 Δέλτα Πηνελόπη - Μάγκας.pdf
-rwxrwxrwx  1 kt  staff    5959091 Feb 28  2015 Δέλτα Πηνελόπη - Παραμύθι Χωρίς Όνομα.pdf
-rwxrwxrwx  1 kt  staff    7487163 Feb 28  2015 Δέλτα Πηνελόπη - Παραμύθια και Άλλα.pdf
-rwxrwxrwx  1 kt  staff     946923 Feb 28  2015 Δέλτα Πηνελόπη - Τρελαντώνης.pdf
-rwxrwxrwx  1 kt  staff    3339530 Feb 28  2015 Κορτώ Αύγουστος - Ο γιος της Τζοκόντα.pdf
-rwxrwxrwx  1 kt  staff    1157227 Feb 28  2015 Κορτώ Αύγουστος - Ο άνθρωπος που έτρωγε πολλά.pdf
-rwxrwxrwx  1 kt  staff    1582370 Feb 28  2015 Κορτώ Αύγουστος - Η λαιμαργία.pdf
-rwxrwxrwx  1 kt  staff    1096947 Feb 28  2015 Ρήγας Αθανάσιος - Το ταξίδι της αγάπης.pdf
-rwxrwxrwx  1 kt  staff    1891568 Feb 28  2015 Κορτώ Αύγουστος - Το τετράγωνο.pdf
-rwxrwxrwx  1 kt  staff    3161040 Feb 28  2015 Ρώσση-Ζαϊρη Ρένα - Αγαπώ θα πει χάνομαι.pdf
-rwxrwxrwx  1 kt  staff    2671676 Feb 28  2015 Ρώσση-Ζαϊρη Ρένα - Δίδυμα φεγγάρια.pdf
-rwxrwxrwx  1 kt  staff   10735369 Feb 28  2015 Σικάγο 1886 - Η ιστορία της εργατικής Πρωτομαγιάς - Η προπαγάνδα μέσα από τη δράση.pdf
-rwxrwxrwx  1 kt  staff    1401860 Feb 28  2015 Φαραζή Έλσα - Η Μεσόγειος των λυγµών.pdf
-rwxrwxrwx  1 kt  staff    3779510 Feb 28  2015 Ομήρου Ιλιάδα - Μετάφραση Ν.Καζαντζάκη-Ι.Κακριδή.pdf
-rwxrwxrwx  1 kt  staff     184740 Feb 28  2015 Ρίτσος Γιάννης - Η Σονάτα του  Σεληνόφωτος.pdf
-rwxrwxrwx  1 kt  staff    2124627 Feb 28  2015 Κράλλη Μεταξία - Μια φορά κι ένα καλοκαίρι.pdf
-rwxrwxrwx  1 kt  staff    2391825 Feb 28  2015 Κράλλη Μεταξία - Δεύτερη πράξη.pdf
-rwxrwxrwx  1 kt  staff     217762 Feb 28  2015 Ελύτης Οδυσσέας - Τα ρω του έρωτα.pdf
-rwxrwxrwx  1 kt  staff     334168 Feb 28  2015 Ελύτης Οδυσσέας - Τα Δημόσια και τα Ιδιωτικά.pdf
-rwxrwxrwx  1 kt  staff      73715 Feb 28  2015 Ελύτης Οδυσσέας - Το μονόγραμμα.pdf
-rwxrwxrwx  1 kt  staff    1700243 Feb 28  2015 Ελύτης Οδυσσέας - Άξιον Εστί.pdf
-rwxrwxrwx  1 kt  staff    1259493 Feb 28  2015 Σχοινά Αγγελική - Καλημέρα και Αντίο.pdf
-rwxrwxrwx  1 kt  staff   60863433 Feb 28  2015 Ομήρου Οδύσσεια - Μετάφραση Δ.Ν. Μαρωνίτη.pdf
-rwxrwxrwx  1 kt  staff    1574834 Feb 28  2015 Κοφινά Κατερίνα - Σκισμένες σελίδες.pdf
-rwxrwxrwx  1 kt  staff   17919617 Feb 28  2015 Παύλος Σιδηρόπουλος - Το μοναχικό μπλουζ του πρίγκηπα (Δηματάτης Ντίνος).pdf
-rwxrwxrwx  1 kt  staff   10398414 Feb 28  2015 Παύλος Σιδηρόπουλος - Πού να γυρίζεις (Λαδικός Άκης).pdf
-rwxrwxrwx  1 kt  staff    6209191 Feb 28  2015 Ομηρόλη Εύα - Η αρχή του ταυτόσημου.pdf
-rwxrwxrwx  1 kt  staff   34364379 Feb 28  2015 Ομηρόλη Εύα - Οι αναλφάβητοι του έρωτα.pdf
-rwxrwxrwx  1 kt  staff    1736828 Feb 28  2015 Πανταζή Φανή - Η νύχτα των γιασεμιών.pdf
-rwxrwxrwx  1 kt  staff    7762324 Feb 28  2015 Γαλανού Άννα - Οι τρεις φωτιές.pdf
-rwxrwxrwx  1 kt  staff    3850306 Feb 28  2015 Πανταζή Φανή - Το κυνήγι της αλεπούς.pdf
-rwxrwxrwx  1 kt  staff    7630600 Feb 28  2015 Πανταζή Φανή - Το θρόισμα της λεύκας.pdf
-rwxrwxrwx  1 kt  staff    2048563 Feb 28  2015 Καρατζά Κάλη - Οι Άγγελοι χορεύουν στο ποτάμι.pdf
-rwxrwxrwx  1 kt  staff    4561170 Feb 28  2015 Καρατζά Κάλη - Δακρυσμένα φεγγάρια.pdf
-rwxrwxrwx  1 kt  staff   19597872 Feb 28  2015 Τζιρίτα Μαρία - Το παιδί της αγάπης.pdf
-rwxrwxrwx  1 kt  staff   11013006 Feb 28  2015 Βενέζης Ηλίας - Το νούμερο 31328.pdf
-rwxrwxrwx  1 kt  staff    4980795 Feb 28  2015 Θέμελης Νίκος - Οι αλήθειες των άλλων.pdf
-rwxrwxrwx@ 1 kt  staff    1671370 Feb 28  2015 Θέμελης Νίκος - Μια ζωή δυο ζωές.pdf
-rwxrwxrwx@ 1 kt  staff    1316394 Feb 28  2015 Βενέζης Ηλίας - Γαλήνη.pdf
-rwxrwxrwx  1 kt  staff    1398537 Feb 28  2015 Βενέζης Ηλίας - Αιολική γη.pdf
-rwxrwxrwx  1 kt  staff     432786 Feb 28  2015 Γκάτσος Νίκος - Αμοργός.pdf
-rwxrwxrwx  1 kt  staff    1269435 Feb 28  2015 Τζιρίτα Μαρία - Κλεισμένη πύλη παραδείσουα.pdf
-rwxrwxrwx  1 kt  staff     795986 Feb 28  2015 Παλαμάς Κωστής - Ο δωδεκάλογος του γύφτου.pdf
-rwxrwxrwx  1 kt  staff    1171957 Feb 28  2015 Παλαμάς Κωστής - Θάνατος παλληκαριού (1901).pdf
-rwxrwxrwx  1 kt  staff    1761564 Feb 28  2015 Πολίτης Κοσμάς - Λεμονοδάσος.pdf
-rwxrwxrwx  1 kt  staff   23118459 Feb 28  2015 Ψυχάρης Γιάννης - Το ταξίδι μου.pdf
-rwxrwxrwx  1 kt  staff    2391577 Feb 28  2015 Ηλιάδου Κυριακή - Ένα ουράνιο τόξο μέσα στη νύχτα... .pdf
-rwxrwxrwx  1 kt  staff    1223452 Feb 28  2015 Φακίνου Ευγενία - Έρως, Θέρος, Πόλεμος.pdf
-rwxrwxrwx  1 kt  staff   34242575 Feb 28  2015 Στάμκος Γιώργος - Νίκολα Τέσλα, Ο απαγορευμένος επιστήμονας.pdf
-rwxrwxrwx  1 kt  staff    8952793 Feb 28  2015 Στάμκος Γιώργος - Ιστορία του μέλλοντος.pdf
-rwxrwxrwx  1 kt  staff    3706697 Feb 28  2015 Πολέμης Ιωάννης - Χειμωνανθοί.pdf
-rwxrwxrwx  1 kt  staff    5185767 Feb 28  2015 Τραυλού Πασχαλιά - Η Μήδεια δεν χόρεψε ποτέ.pdf
-rwxrwxrwx  1 kt  staff   20773345 Feb 28  2015 Τραυλού Πασχαλιά - Η γυναίκα του φάρου 1 .pdf
-rwxrwxrwx  1 kt  staff   20759354 Feb 28  2015 Τραυλού Πασχαλιά - Η γυναίκα του φάρου 2 .pdf
-rwxrwxrwx  1 kt  staff    4737054 Feb 28  2015 Τραυλού Πασχαλιά - Η γυναίκα του φάρου 3 .pdf
-rwxrwxrwx  1 kt  staff   10223096 Feb 28  2015 Τραυλού Πασχαλιά - Η ματζίκα της αγάπης.pdf
-rwxrwxrwx  1 kt  staff    8312222 Feb 28  2015 Τραυλού Πασχαλιά - Έστω μια φορά.pdf
-rwxrwxrwx  1 kt  staff   18655385 Feb 28  2015 Τραυλού Πασχαλιά - Κλειδωμένο συρτάρι.pdf
-rwxrwxrwx  1 kt  staff     151654 Feb 28  2015 Σολωμός Διονύσιος - Η γυναίκα της Ζάκυνθος.pdf
-rwxrwxrwx  1 kt  staff    1857119 Feb 28  2015 Σολωμός Διονύσιος - Ύμνος εις την Ελευθερίαν.pdf
-rwxrwxrwx  1 kt  staff   25570598 Feb 28  2015 Καβάφης Κωνσταντίνος - Άπαντα Ποιήματα και Πεζά.pdf
-rwxrwxrwx  1 kt  staff    4451268 Feb 28  2015 Ανέκδοτα - Αρχαία Ελληνικά Ανέκδοτα.pdf
-rwxrwxrwx  1 kt  staff    2973535 Feb 28  2015 Ανέκδοτα με Γιατρούς.pdf
-rwxrwxrwx  1 kt  staff    4236914 Feb 28  2015 Γαλανάκη Ρέα - Ο Αιώνας των Λαβυρίνθων.pdf
-rwxrwxrwx  1 kt  staff    6291681 Feb 28  2015 Ζωγράφου Λιλή - Η αγάπη άργησε μια μέρα.pdf
-rwxrwxrwx  1 kt  staff    1144859 Feb 28  2015 Σωτηρίου Διδώ - Οι νεκροί περιμένουν.pdf
-rwxrwxrwx  1 kt  staff    1321681 Feb 28  2015 Παπαδάκη Πένυ - Χωρίς δίχτυ ασφαλείας.pdf
-rwxrwxrwx  1 kt  staff   11773037 Feb 28  2015 Σωτηρίου Διδώ - Ματωμένα χώματα.pdf
-rwxrwxrwx  1 kt  staff   17235494 Feb 28  2015 Κονδύλης Θάνος - Ο Πέμπτος Ιππότης.pdf
-rwxrwxrwx  1 kt  staff   11391047 Feb 28  2015 Κονδύλης Θάνος - Τα μάτια του δράκοντα.pdf
-rwxrwxrwx  1 kt  staff   23108757 Feb 28  2015 Σόμπολος Πάνος - Τα εγκλήματα που συγκλόνισαν την Ελλάδα, όπως τα έζησα.pdf
-rwxrwxrwx  1 kt  staff     668626 Feb 28  2015 Κοφτερού Ελένη - Περί άνοιξης και άλλων εμμονών (ποίηση).pdf
-rwxrwxrwx  1 kt  staff   25293778 Feb 28  2015 Κονδύλης Θάνος - Έγκλημα στην Αρχαία Ολυμπία.pdf
-rwxrwxrwx  1 kt  staff    1783193 Feb 28  2015 Πιλάβιος Νίκος - Ιστορίες της καρδιάς.pdf
-rwxrwxrwx  1 kt  staff    6502650 Feb 28  2015 Πανούσης Τζίμης - Η ζάλη των τάξεων.pdf
-rwxrwxrwx  1 kt  staff    5698258 Feb 28  2015 Κουνούνη Θάλεια - Δεν υπήρξα ποτέ.pdf
-rwxrwxrwx  1 kt  staff    8829684 Feb 28  2015 Πανούσης Τζίμης - Πικρέ μικρέ αράπη.pdf
-rwxrwxrwx  1 kt  staff    7151629 Feb 28  2015 Γερμανός Φρέντυ - Υγρές Νύχτες.pdf
-rwxrwxrwx  1 kt  staff   14400663 Feb 28  2015 Πανούσης Τζίμης - Πούστευε και μη ερεύνα.pdf
-rwxrwxrwx  1 kt  staff   19769899 Feb 28  2015 Πανούσης Τζίμης - Μικροαστική Καταστροφή.pdf
-rwxrwxrwx  1 kt  staff   26771973 Feb 28  2015 Τερζάκης Άγγελος - Η πριγκιπέσα Ιζαμπώ.pdf
-rwxrwxrwx  1 kt  staff     867823 Feb 28  2015 Κρητικός Άγγελος - Σαν παραμύθι.pdf
-rwxrwxrwx  1 kt  staff    1515059 Feb 28  2015 Παπαδάκη Αλκυόνη - Αμάν... αμάν!.pdf
-rwxrwxrwx  1 kt  staff   10332178 Feb 28  2015 Τερζάκης Άγγελος - Ταξίδι με τον Έσπερο.pdf
-rwxrwxrwx  1 kt  staff   88351170 Feb 28  2015 Παπαδάκη Αλκυόνη - Βαρκάρισσα της χίμαιρας.pdf
-rwxrwxrwx  1 kt  staff    8104989 Feb 28  2015 Καλαφάτη Χρυσάνθη - All I want for Christmas... .pdf
-rwxrwxrwx  1 kt  staff   14746639 Feb 28  2015 Καλαφάτη Χρυσάνθη - Η αγάπη μιας γοργόνας.pdf
-rwxrwxrwx  1 kt  staff   11357806 Feb 28  2015 Καλαφάτη Χρυσάνθη - Η ταινία της ζωής μου.pdf
-rwxrwxrwx  1 kt  staff    1774514 Feb 28  2015 Τριβιζάς Ευγένιος - Ο ερωτευμένος πυροσβέστης.pdf
-rwxrwxrwx  1 kt  staff    3496942 Feb 28  2015 Κρητικός Λευτέρης - Το νήμα της μέλισσας.pdf
-rwxrwxrwx  1 kt  staff    1455156 Feb 28  2015 Κουμάκης Λεωνίδας - Το θαύμα.pdf
-rwxrwxrwx  1 kt  staff   28256291 Feb 28  2015 Καλαφάτη Χρυσάνθη - Τα χρώματα του έρωτα.pdf
-rwxrwxrwx  1 kt  staff    1959037 Feb 28  2015 Κρητικός Λευτέρης - Το οροπέδιο ύψος των μυρμηγκιών.pdf
-rwxrwxrwx  1 kt  staff   16554416 Feb 28  2015 Καλαφάτη Χρυσάνθη - Εκεί που δεν το περιμένεις.pdf
-rwxrwxrwx  1 kt  staff    3692667 Feb 28  2015 Κρητικός Λευτέρης - Χωρίς σημεία στίξεως σιωπή.pdf
-rwxrwxrwx  1 kt  staff   30727511 Feb 28  2015 Κορομηλά Μαριάννα - Ευτυχισμένος που έκανε το ταξίδι του Οδυσσέα.pdf
-rwxrwxrwx  1 kt  staff   29779194 Feb 28  2015 Δημήτρης Λιαντίνης - Homo Educandus - Η φιλοσοφία της αγωγής.pdf
-rwxrwxrwx  1 kt  staff    1383722 Feb 28  2015 Δημήτρης Λιαντίνης - Γκέμμα .pdf
-rwxrwxrwx  1 kt  staff   12999656 Feb 28  2015 Κορνάρος Βιτσέντζος - Ερωτόκριτος.pdf
-rwxrwxrwx  1 kt  staff    1199121 Feb 28  2015 Χρυσάνθου Ζωή - Στη σκιά της κλεψύδρας.pdf
-rwxrwxrwx  1 kt  staff    1954755 Feb 28  2015 Καρακάσης Νίκος - Who the hell is Max (Μα ποιος είναι ο Μαξ επιτέλους).pdf
-rwxrwxrwx  1 kt  staff    5494449 Feb 28  2015 Οικονόμου Καίτη - Ο κήπος με τις μουριές.pdf
-rwxrwxrwx  1 kt  staff    5980815 Feb 28  2015 Οικονόμου Καίτη - Η καρδιά θυμάται.pdf
-rwxrwxrwx  1 kt  staff    1140115 Feb 28  2015 Προδρόμου Μαρία - Ο άγγελος της ομίχλης.pdf
-rwxrwxrwx  1 kt  staff    1758090 Feb 28  2015 Συνοδινού Ράνια - Το άρμα του ήλιου.pdf
-rwxrwxrwx  1 kt  staff    6179137 Feb 28  2015 Καραφύλλη Ιρένα - Οι δρόμοι της Μοίρας.pdf
-rwxrwxrwx  1 kt  staff     205668 Feb 28  2015 Πολυδούρη Μαρία - Οι τρίλλιες που σβήνουν.pdf
-rwxrwxrwx  1 kt  staff    1481316 Feb 28  2015 Προδρόμου Μαρία - Το αρχοντικό της λίμνης.pdf
-rwxrwxrwx  1 kt  staff    7891608 Feb 28  2015 Οικονόμου Καίτη - Το φθινόπωρο της μάγισσας.pdf
-rwxrwxrwx  1 kt  staff    4606883 Feb 28  2015 Οικονόμου Καίτη - Το σκουλαρίκι της τύχης.pdf
-rwxrwxrwx  1 kt  staff    3983447 Feb 28  2015 Οικονόμου Καίτη - Μου το είπε ένας άγγελος.pdf
-rwxrwxrwx  1 kt  staff     247673 Feb 28  2015 Πολυδούρη Μαρία - Ηχώ στο χάος.pdf
-rwxrwxrwx  1 kt  staff    6360529 Feb 28  2015 Οικονόμου Καίτη - Λευκή ορχιδέα.pdf
-rwxrwxrwx  1 kt  staff    1013785 Feb 28  2015 Καββαδίας Νίκος - Πούσι.pdf
-rwxrwxrwx  1 kt  staff    8040813 Feb 28  2015 Οικονόμου Καίτη - Δράκος στο χιόνι.pdf
-rwxrwxrwx  1 kt  staff    6447893 Feb 28  2015 Οικονόμου Καίτη - Έρωτας πόλεμος.pdf
-rwxrwxrwx  1 kt  staff     956650 Feb 28  2015 Προδρόμου Μαρία - Άγριος,γαλάζιος ουρανός.pdf
-rwxrwxrwx  1 kt  staff    1742840 Feb 28  2015 Προδρόμου Μαρία - Υπάρχουν στιγμές που κρατάνε για πάντα.pdf
-rwxrwxrwx  1 kt  staff    1432166 Feb 28  2015 Καββαδίας Νίκος - Μαραμπού.pdf
-rwxrwxrwx  1 kt  staff    1322689 Feb 28  2015 Καββαδίας Νίκος - Τραβέρσο.pdf
-rwxrwxrwx  1 kt  staff    2817885 Feb 28  2015 Σουβατζής Νίκος - Αναχώρηση.pdf
-rwxrwxrwx  1 kt  staff    1207344 Feb 28  2015 Συνοδινού Ράνια - Εξομολόγηση.pdf
-rwxrwxrwx  1 kt  staff    7960879 Feb 28  2015 Καρακάσης Κώστας - Ο βιολονίστας.pdf
-rwxrwxrwx  1 kt  staff   33018968 Feb 28  2015 Μουρσελάς Κώστας - Βαμμένα κόκκινα μαλλιά.pdf
-rwxrwxrwx  1 kt  staff   15142459 Feb 28  2015 Παπαχελάς Αλέξης-Τέλλογλου Τάσος - Φάκελος 17 Νοέμβρη.pdf
-rwxrwxrwx  1 kt  staff   39675279 Feb 28  2015 Ζαμπούνης Χρήστος - Savoir Vivre.pdf
-rwxrwxrwx  1 kt  staff    9828055 Feb 28  2015 Τριαρίδης Θανάσης - Ο άνεμος σφυρίζει στην Κουπέλα.pdf
-rwxrwxrwx  1 kt  staff    4590391 Feb 28  2015 Σαμαράκης Αντώνης - Η κόντρα.pdf
-rwxrwxrwx  1 kt  staff    6803103 Feb 28  2015 Ζαμπούνης Χρήστος - Ο Έλληνας Gentleman.pdf
-rwxrwxrwx  1 kt  staff    3998191 Feb 28  2015 Σκαρίμπας Γιάννης - Το 1821 και η αλήθεια.pdf
-rwxrwxrwx  1 kt  staff    6372332 Feb 28  2015 Σκαρίμπας Γιάννης - Το Θείο Τραγί.pdf
-rwxrwxrwx  1 kt  staff    1750622 Feb 28  2015 Πολυράκης Γιώργος - Τα ηράνθεμα θα ανθίσουν ξανά.pdf
-rwxrwxrwx  1 kt  staff    6210269 Feb 28  2015 Ξανθούλης Γιάννης - Το Πεθαμένο Λικέρ.pdf
-rwxrwxrwx  1 kt  staff    1592025 Feb 28  2015 Καλπούζος Γιάννης - Ό,τι αγαπώ είναι δικό σου.pdf
-rwxrwxrwx  1 kt  staff   13560152 Feb 28  2015 Κούλογλου Στέλιος - Μην πας ποτέ μόνος στο Ταχυδρομείο.pdf
-rw-r--r--  1 kt  staff    2278625 Aug 17  2015 Αφρόκαλος Νικόλας - Μίλα μου για ξόρκια.pdf
-rwxrwxrwx  1 kt  staff    4921827 Feb 28  2015 Στυλιανού Στέλιος - Αννέ σημαίνει μάνα.pdf
-rwxrwxrwx  1 kt  staff   11948091 Feb 28  2015 Καλπούζος Γιάννης - Άγιοι και δαίμονες Εις ταν Πόλιν.pdf
-rwxrwxrwx  1 kt  staff    5929405 Feb 28  2015 Στυλιανού Στέλιος - Είσαι γυναίκα, είσαι γη.pdf
-rwxrwxrwx  1 kt  staff   13137122 Feb 28  2015 Καλπούζος Γιάννης - Ιμαρέτ, Στη σκιά του ρολογιού.pdf
-rwxrwxrwx  1 kt  staff   24618357 Feb 28  2015 Ξανθούλης Γιάννης - Ύστερα, ήρθαν οι μέλισσες.pdf
-rwxrwxrwx  1 kt  staff   12041547 Feb 28  2015 Πολυράκης Γιώργος - Δωροθέα ντε Ροπ - Πάθος και υπερηφάνεια.pdf
-rwxrwxrwx  1 kt  staff    6493410 Feb 28  2015 Παπαδάκης Μανώλης - Αθιβολές.pdf
-rwxrwxrwx  1 kt  staff    5268371 Feb 28  2015 Σαμαράκης Αντώνης - Αρνούμαι.pdf
-rwxrwxrwx  1 kt  staff  172970688 Feb 28  2015 Πολυράκης Γιώργος - Χορεύοντας στη σιωπή.pdf
-rwxrwxrwx  1 kt  staff    3294782 Feb 28  2015 Καλπούζος Γιάννης - Ουρανόπετρα, Η δωδέκατη γενιά.pdf
-rwxrwxrwx  1 kt  staff    5568650 Feb 28  2015 Κοροβέσης Περικλής - Tango Bar.pdf
-rwxrwxrwx  1 kt  staff   19301975 Feb 28  2015 Λουντέμης Μενέλαος - Ο Ηρακλής.pdf
-rwxrwxrwx  1 kt  staff    1442816 Feb 28  2015 Κουλούκης Γεώργιος - Οι εποχές της ζωής μας.pdf
-rwxrwxrwx  1 kt  staff   12038052 Feb 28  2015 Λουντέμης Μενέλαος - Ένα παιδί μετράει τ' άστρα.pdf
-rwxrwxrwx  1 kt  staff    5046699 Feb 28  2015 Λουντέμης Μενέλαος - Τότε που κυνηγούσα τους ανέμους.pdf
-rwxrwxrwx  1 kt  staff    4506102 Feb 28  2015 Χορτάτσης Γεώργιος - Ερωφίλη.pdf
-rwxrwxrwx  1 kt  staff    5130568 Feb 28  2015 Κοροβέσης Περικλής - Επιχείρησις Ιουδίθ.pdf
-rwxrwxrwx  1 kt  staff    5912468 Feb 28  2015 Κοροβέσης Περικλής - Ανθρωποφύλακες.pdf
-rwxrwxrwx  1 kt  staff    3958942 Feb 28  2015 Ευσταθίου Ευαγγελία - Αν τον άνεμο ρωτήσεις.pdf
-rwxrwxrwx  1 kt  staff    3508357 Feb 28  2015 Ευσταθίου Ευαγγελία - Το γυάλινο ρόδο.pdf
-rwxrwxrwx  1 kt  staff   10099213 Feb 28  2015 Μπαλέρμας Ευάγγελος - Το ημερολόγιο ενός βαρυποινίτη.pdf
-rwxrwxrwx  1 kt  staff    3001756 Feb 28  2015 Ευσταθίου Ευαγγελία - Βαθύ βελούδινο σκοτάδι.pdf
-rwxrwxrwx  1 kt  staff     990594 Feb 28  2015 Χωριάτικα Βρωμόλογα - Βλάχος Φίλιππος.pdf
-rwxrwxrwx  1 kt  staff   21515184 Feb 28  2015 Καρακάσης, Κώστας - Αθηνά, Ευτυχώς που δεν γεννήθηκα όμορφη.pdf
-rwxrwxrwx  1 kt  staff    6787029 Feb 28  2015 Σολομωνική - Το Κλειδί του Βασιλιά Σολομώντα.pdf
-rw-r--r--  1 kt  staff    2822721 Aug 17  2015 Βαμβουνάκη Μάρω - Οι παλιές αγάπες πάνε στον παράδεισο.pdf
-rwxrwxrwx  1 kt  staff   55445951 Feb 28  2015 Μεϊμαρίδη Μάρα - Οι μάγισσες της Σμύρνης.pdf
-rwxrwxrwx  1 kt  staff    1267268 Feb 28  2015 Ιορδανίδου Μαρία -  Η αυλή μας.pdf
-rwxrwxrwx  1 kt  staff   10791399 Feb 28  2015 Δημουλίδου Χρύσα - Ο γιος της βροχής.pdf
-rwxrwxrwx  1 kt  staff    2296233 Feb 28  2015 Δημουλίδου Χρύσα - Η σκοτεινή πλευρά του Ήλιου.pdf
-rwxrwxrwx  1 kt  staff    5474794 Feb 28  2015 Δημουλίδου Χρύσα - Το βαλς των πορσελάνινων άστρων.pdf
-rwxrwxrwx  1 kt  staff   10776823 Feb 28  2015 Δημουλίδου Χρύσα - Το φιλί του δράκου.pdf
-rwxrwxrwx  1 kt  staff   15969386 Feb 28  2015 Δημουλίδου Χρύσα - Τα δάκρυα του Θεού.pdf
-rwxrwxrwx  1 kt  staff    3496109 Feb 28  2015 Κόντζογλου Μαίρη - Οι μεσημβρινοί της ζωής 1 - Στους ήλιους του έρωτα.pdf
-rwxrwxrwx  1 kt  staff    6540244 Feb 28  2015 Κόντζογλου Μαίρη - Οι μεσημβρινοί της ζωής 2 - Στα φεγγάρια της αλήθειας.pdf
-rwxrwxrwx  1 kt  staff    4180053 Feb 28  2015 Κόντζογλου Μαίρη - Οι μεσημβρινοί της ζωής 3 - Στη γη της αγάπης.pdf
-rwxrwxrwx  1 kt  staff    2534350 Feb 28  2015 Ιορδανίδου Μαρία - Σαν τα τρελά πουλιά.pdf
-rwxrwxrwx  1 kt  staff   13122858 Feb 28  2015 Δημουλίδου Χρύσα - Μην πυροβολείτε την νύφη.pdf
-rwxrwxrwx  1 kt  staff    3639831 Feb 28  2015 Ιορδανίδου Μαρία - Στου κύκλου τα γυρίσματα.pdf
-rwxrwxrwx  1 kt  staff   11116949 Feb 28  2015 Δημουλίδου Χρύσα - Όταν το χιόνι χόρεψε με τη φωτιά.pdf
-rwxrwxrwx  1 kt  staff   20610268 Feb 28  2015 Δημουλίδου Χρύσα - Πόθοι στα φτερά των αγγέλων.pdf
-rwxrwxrwx  1 kt  staff   10211371 Feb 28  2015 Κόντζογλου Μαίρη - Περπάτα με τον άγγελό σου.pdf
-rwxrwxrwx  1 kt  staff    7037070 Feb 28  2015 Ιορδανίδου Μαρία - Διακοπές στον Καύκασο.pdf
-rwxrwxrwx  1 kt  staff    3544317 Feb 28  2015 Ιορδανίδου Μαρία - Λωξάντρα.pdf
-rwxrwxrwx  1 kt  staff    2104301 Feb 28  2015 Καρυωτάκης Μίνως-Αθανάσιος - Το λίκνο της ζωής.pdf
-rwxrwxrwx  1 kt  staff    2955451 Feb 28  2015 Καρυωτάκης Μίνως-Αθανάσιος - Μια σειρά από τρομαχτικά γεγονότα.pdf
-rwxrwxrwx  1 kt  staff     101030 Feb 28  2015 Καρυωτάκης Κώστας - Ο πόνος του ανθρώπου και των πραγμάτων.pdf
-rwxrwxrwx  1 kt  staff    2032597 Feb 28  2015 Καρυστιάνη Ιωάννα - Μικρά Αγγλία.pdf
-rwxrwxrwx  1 kt  staff     724572 Feb 28  2015 Καρυωτάκης Κώστας - Άπαντα.pdf
-rwxrwxrwx  1 kt  staff     168932 Feb 28  2015 Καρυωτάκης Κώστας - Ελεγεία και Σάτιρες.pdf
-rwxrwxrwx  1 kt  staff     189554 Feb 28  2015 Καρυωτάκης Κώστας - Νηπενθή.pdf
-rwxrwxrwx  1 kt  staff     468099 Feb 28  2015 Καρυωτάκης Κώστας - Ποιήματα.pdf
-rwxrwxrwx  1 kt  staff    4493810 Feb 28  2015 Εφταλιώτης Αργύρης - Η Μαζώχτρα.pdf
-rwxrwxrwx  1 kt  staff   13387926 Feb 28  2015 Κονδυλάκης Ιωάννης - Όταν ήμουν δάσκαλος.pdf
-rwxrwxrwx  1 kt  staff    6572784 Feb 28  2015 Σιμόπουλος Διονύσης (Ευγενίδειο Πλανητάριο) - Το Άστρο των Χριστουγέννων.pdf
-rwxrwxrwx  1 kt  staff    4363298 Feb 28  2015 Σιμόπουλος Διονύσης (Ευγενίδειο Πλανητάριο) - Νέοι Ορίζοντες.pdf
-rwxrwxrwx  1 kt  staff   12080749 Feb 28  2015 Σιμόπουλος Διονύσης (Ευγενίδειο Πλανητάριο) - Γένεση και Κατακλυσμός, Η Βιογραφία της Γης.pdf
-rwxrwxrwx  1 kt  staff    1200449 Feb 28  2015 Πρεβελάκης Παντελής - Ο Ήλιος του Θανάτου.pdf
-rwxrwxrwx  1 kt  staff   43862240 Feb 28  2015 Δημουλίδου Χρυσηϊδα - Ο λύκος της μοναξιάς.pdf
-rwxrwxrwx  1 kt  staff    9695495 Feb 28  2015 Ξενόπουλος Γρηγόρης - Η τρίμορφη γυναίκα.pdf
-rwxrwxrwx  1 kt  staff    5271889 Feb 28  2015 Ξενόπουλος Γρηγόρης - Ο Μινώταυρος και άλλα Διηγήματα 1921-1924.pdf
-rwxrwxrwx  1 kt  staff    4999689 Feb 28  2015 Παπαδούλης Δημήτρης - Η αγγελοκρουσμένη.pdf
-rwxrwxrwx  1 kt  staff    7421345 Feb 28  2015 Δημουλίδου Χρυσηϊδα - Οι τρεις υποσχέσεις.pdf
-rwxrwxrwx  1 kt  staff   32981103 Feb 28  2015 Δημουλίδου Χρυσηϊδα - Το σπίτι των σκιών.pdf
-rwxrwxrwx  1 kt  staff   10808433 Feb 28  2015 Δημουλίδου Χρυσηϊδα - Το κελάρι της ντροπής.pdf
-rwxrwxrwx  1 kt  staff   12726649 Feb 28  2015 Δημουλίδου Χρυσηϊδα - Το σταυροδρόμι των ψυχών.pdf
-rwxrwxrwx  1 kt  staff    7469239 Feb 28  2015 Μπουραντάς Δημήτρης - Όλα σου τα 'μαθα, μα ξέχασα μια λέξη.pdf
-rwxrwxrwx  1 kt  staff    7758450 Feb 28  2015 Μπουραντάς Δημήτρης - Επί σκηνής χωρίς πρόβα.pdf
-rwxrwxrwx  1 kt  staff   36582345 Feb 28  2015 Ξενόπουλος Γρηγόρης - Πλούσιοι και Φτωχοί (Κοινωνική Τριλογία).pdf
-rwxrwxrwx  1 kt  staff   16425144 Feb 28  2015 Καζαντζάκη Γαλατεία - Άνθρωποι και Υπεράνθρωποι.pdf
-rwxrwxrwx  1 kt  staff   15479061 Mar  1  2015 Δημουλίδου Χρυσηϊδα - Μερσέντες Χιλ.pdf
-rwxrwxrwx  1 kt  staff    3387454 Feb 28  2015 Ξενόπουλος Γρηγόρης - Αναδυόμενη.pdf
-rwxrwxrwx  1 kt  staff    8453310 Feb 28  2015 Καλλιοντζή Αναστασία - Πες πως ήταν όνειρο.pdf
-rwxrwxrwx  1 kt  staff    9669599 Feb 28  2015 Καλλιοντζή Αναστασία - Όλα ήταν τόσο μα τόσο υπέροχα... .pdf
-rwxrwxrwx  1 kt  staff    9587162 Feb 28  2015 Καλλιοντζή Αναστασία - Χαμένο χτες.pdf
-rwxrwxrwx  1 kt  staff    3641385 Feb 28  2015 Καλλιοντζή Αναστασία - Έσχατοι καιροί.pdf
-rwxrwxrwx  1 kt  staff   15494975 Feb 28  2015 Καλλιοντζή Αναστασία - Θυμάσαι.pdf
-rwxrwxrwx  1 kt  staff    3169410 Feb 28  2015 Δεληγιάννη-Τσιούλπα Άννα - Τεθλασμένη ζωή.pdf
-rwxrwxrwx  1 kt  staff    4306948 Feb 28  2015 Πετροπούλου Μαρίvα - Η άκρη της κλωστής.pdf
-rwxrwxrwx  1 kt  staff    7657267 Feb 28  2015 Πετρόπουλος Ηλίας - Η εθνική φασουλάδα και η ομελέτα.pdf
-rwxrwxrwx  1 kt  staff   24285681 Feb 28  2015 Καζαντζάκης Νίκος - Ο καπετάν Μιχάλης.pdf
-rwxrwxrwx  1 kt  staff    6632271 Feb 28  2015 Καζαντζάκης Νίκος - Ο Χριστός ξανασταυρώνεται.pdf
-rwxrwxrwx  1 kt  staff    5454527 Feb 28  2015 Καζαντζάκης Νίκος - Ο φτωχούλης του Θεού.pdf
-rwxrwxrwx  1 kt  staff    4279376 Feb 28  2015 Καζαντζάκης Νίκος - Ο Τελευταίος Πειρασμός.pdf
-rwxrwxrwx  1 kt  staff   33470052 Feb 28  2015 Πετρόπουλος Ηλίας - Η φουστανέλα.pdf
-rwxrwxrwx  1 kt  staff    1594993 Feb 28  2015 Σεμερτζίδου Ελένη - Ο Ροδόσταυρος.pdf
-rwxrwxrwx  1 kt  staff   41439649 Feb 28  2015 Πετρόπουλος Ηλίας - Η ονοματοθεσία οδών και πλατειών.pdf
-rwxrwxrwx  1 kt  staff   95141175 Feb 28  2015 Πετρόπουλος Ηλίας - Ο Κουραδοκόφτης.pdf
-rwxrwxrwx  1 kt  staff    1823539 Feb 28  2015 Σεμερτζίδου Ελένη - Το φάντασμα του πέτρινου φάρου.pdf
-rwxrwxrwx  1 kt  staff    4333421 Feb 28  2015 Πετρόπουλος Ηλίας - Το μπουρδέλο.pdf
-rwxrwxrwx  1 kt  staff   61806605 Feb 28  2015 Πετρόπουλος Ηλίας - Της φυλακής.pdf
-rwxrwxrwx  1 kt  staff    1301240 Feb 28  2015 Καζαντζάκης Νίκος - Όφις και Κρίνο.pdf
-rwxrwxrwx  1 kt  staff   11357507 Feb 28  2015 Καζαντζάκης Νίκος - Βίος και Πολιτεία του Αλέξη Ζορμπά.pdf
-rwxrwxrwx  1 kt  staff     762846 Feb 28  2015 Σεμερτζίδου Ελένη - Σελήνη-Εκάτη-Άρτεμις.pdf
-rwxrwxrwx  1 kt  staff    2725436 Feb 28  2015 Σεμερτζίδου Ελένη - Πογκρόμ.pdf
-rwxrwxrwx  1 kt  staff    5491482 Feb 28  2015 Καζαντζάκης Νίκος - Αφιέρωμα Καθημερινής 1997.pdf
-rwxrwxrwx  1 kt  staff     195898 Feb 28  2015 Καζαντζάκης Νίκος - Ασκητική.pdf
-rwxrwxrwx  1 kt  staff    1046195 Feb 28  2015 Πετρόπουλος Ηλίας - Παροιμίες του υποκόσμου.pdf
-rwxrwxrwx  1 kt  staff    1046082 Feb 28  2015 Καζαντζάκης Νίκος - Συμπόσιον.pdf
-rwxrwxrwx  1 kt  staff   24593350 Feb 28  2015 Πετρόπουλος Ηλίας - Καλιαρντά.pdf
-rwxrwxrwx  1 kt  staff    3719781 Feb 28  2015 Πετρόπουλος Ηλίας - Εγχειρίδιον του καλού κλέφτη.pdf
-rwxrwxrwx  1 kt  staff    1773037 Feb 28  2015 Καζαντζάκης Νίκος - Αδερφοφάδες.pdf
-rwxrwxrwx  1 kt  staff    1078154 Feb 28  2015 Πετρόπουλος Γιάννης - Ο Χάρης Δεσμώτης.pdf
-rwxrwxrwx  1 kt  staff     144718 Feb 28  2015 Καρκαβίτσας Ανδρέας - Η θάλασσα.pdf
-rwxrwxrwx  1 kt  staff    1171639 Feb 28  2015 Καρκαβίτσας Ανδρέας - Ο ζητιάνος.pdf
-rwxrwxrwx  1 kt  staff     761553 Feb 28  2015 Κουχτσόγλου Σταύρος - Κάτω η μάσκα.pdf
-rwxrwxrwx  1 kt  staff    8417373 Feb 28  2015 Καρκαβίτσας Ανδρέας - Λόγια της πλώρης.pdf
-rwxrwxrwx  1 kt  staff   10180758 Feb 28  2015 Παπαχρήστου Κωνσταντίνος - Ο φύλακας του χρόνου.pdf
-rwxrwxrwx  1 kt  staff    2045504 Feb 28  2015 Πετροπούλου-Λιανού Εύα - Εγώ και ο άλλος μου εαυτός, η σκιά μου.pdf
-rwxrwxrwx  1 kt  staff    3594686 Feb 28  2015 Παπανικολάου Μάτα - Μη δεις το μάραθο για άνιθο.pdf
-rwxrwxrwx  1 kt  staff    6385472 Feb 28  2015 Παπανικολάου Μάτα - Τα μυστικά ταξίδευαν ανεμπόδιστα.pdf
-rwxrwxrwx  1 kt  staff    1868528 Feb 28  2015 Παπανικολάου Μάτα - Μαρία η παχουλή.pdf
-rwxrwxrwx  1 kt  staff    3350013 Feb 28  2015 Παπανικολάου Μάτα - Βροχή αστεριών.pdf
-rwxrwxrwx  1 kt  staff    2410634 Feb 28  2015 Κουμανταρέας Μένης - Η κυρία Κούλα.pdf
-rwxrwxrwx  1 kt  staff     577206 Feb 28  2015 Εγγονόπουλος Νίκος - Η Επιστροφή των πουλιών.pdf
-rwxrwxrwx  1 kt  staff    6205700 Feb 28  2015 Εγγονόπουλος Νίκος - Μπολιβάρ.pdf
-rwxrwxrwx  1 kt  staff    1890543 Feb 28  2015 Φραγκοπούλου Μυρτιά - Προμέσσα.pdf
-rwxrwxrwx  1 kt  staff    4766199 Feb 28  2015 Καρακατσάνης Μάριος - Παραμύθια του μυαλού.pdf
-rwxrwxrwx  1 kt  staff    1306301 Feb 28  2015 Παπαθεοδώρου Βασίλης - Οι εννέα Καίσαρες.pdf
-rwxrwxrwx  1 kt  staff   11834596 Feb 28  2015 Παπαθεοδώρου Θοδωρής - Σαν ταξιδιάρικα πουλιά.pdf
-rwxrwxrwx  1 kt  staff     141831 Feb 28  2015 Παπαδοπούλου Μιράντα - Χωρίς.pdf
-rwxrwxrwx  1 kt  staff      75116 Feb 28  2015 Παπαδοπούλου Λεονώρα - Γράμμα ενός φυλακισμένου στη γκόμενά του.pdf
-rwxrwxrwx  1 kt  staff  102599619 Feb 28  2015 Παπαθεοδώρου Θοδωρής - Μάγισσες φέρτε βότανα.pdf
-rwxrwxrwx  1 kt  staff    3222878 Feb 28  2015 Λαμπαδαρίδου-Πόθου Μαρία - Ο Άγγελος της Στάχτης.pdf
-rwxrwxrwx  1 kt  staff    9062902 Feb 28  2015 Λαμπαδαρίδου-Πόθου Μαρία - Πήραν την Πόλη, Πήραν την....pdf
-rwxrwxrwx  1 kt  staff    7734779 Feb 28  2015 Κωνσταντούρου Μαρία - Χωρίς εσένα.pdf
-rwxrwxrwx  1 kt  staff    7871117 Feb 28  2015 Στασινοπούλου Κρίστη - Επτά φορές στην Αμοργό.pdf
-rwxrwxrwx  1 kt  staff    1077004 Feb 28  2015 Γιαννακοπούλου Ντόρα - Έρως μετ' εμποδίων.pdf
-rwxrwxrwx  1 kt  staff    2273506 Feb 28  2015 Μπουραζοπούλου Ιωάννα - Το μπουντουάρ του Ναδίρ.pdf
-rwxrwxrwx  1 kt  staff    4145133 Feb 28  2015 Σακελλαρόπουλος Μένιος - Δυο μάυρα πουκάμισα.pdf
-rwxrwxrwx  1 kt  staff    2910485 Feb 28  2015 Παπαθανασοπούλου Μάιρα - Ο Ιούδας φιλούσε υπέροχα.pdf
-rwxrwxrwx  1 kt  staff    6137364 Feb 28  2015 Παπακωνσταντίνου Μιχάλης - Η γιαγιά μου η Ρούσα.pdf
